// Jest Snapshot v1, https://goo.gl/fbAQLP

exports[`Block renders a Block 1`] = `
<div>
  <article
    class="undefined undefined"
  >
    <div>
      <div />
      <div>
        <div />
        <div />
      </div>
    </div>
    <div>
      <div>
        <div>
          title
        </div>
        <h3>
          period
        </h3>
      </div>
      <p>
        children
      </p>
    </div>
  </article>
</div>
`;
