// Jest Snapshot v1, https://goo.gl/fbAQLP

exports[`Block renders a Block 1`] = `
<div>
  <article
    class="block notInView"
    itemscope=""
    itemtype="https://schema.org/Article"
  >
    <meta
      content="2023-10-15"
      itemprop="datePublished"
    />
    <meta
      content="2024-02-03"
      itemprop="dateModified"
    />
    <meta
      content="https://www.linkedin.com/in/styn-vercauteren-96918018b/"
      itemprop="publisher"
    />
    <div
      class="squareBlock"
    >
      <div
        class="square"
      />
      <div
        class="line"
      >
        <div
          class="squareLeft"
        />
        <div
          class="squareRight"
        />
      </div>
    </div>
    <div
      class="textBlock"
    >
      <div
        class="blockHeader"
      >
        <div
          class="title ygwys"
        >
          title
        </div>
        <h3
          class="period"
        >
          period
        </h3>
      </div>
      <p>
        children
      </p>
    </div>
  </article>
</div>
`;
